test-all
+- test-integration
   +- run test w
[default] (warn): peer disconnected: InvalidDigest
[default] (warn): peer disconnected: PacketTooLarge
failed command: ./.zig-cache/o/e79036275ba955edac9b81539a1ae2f2/test --cache-dir=./.zig-cache --seed=0x7f70eb91 --listen=-

PASS CLI streaming stdout and argument validation
Build Summary: 33/33 steps succeeded; 55/55 tests passed
test-all success
+- test-unit success
|  +- run test 1 pass (1 total) 19ms MaxRSS:5M
|  |  +- compile test Debug native cached 30ms MaxRSS:39M
|  +- run test 12 pass (12 total) 29ms MaxRSS:5M
|  |  +- compile test Debug native cached 22ms MaxRSS:39M
|  +- run test 6 pass (6 total) 18ms MaxRSS:5M
|  |  +- compile test Debug native cached 20ms MaxRSS:39M
|  +- run test 2 pass (2 total) 14ms MaxRSS:5M
|  |  +- compile test Debug native cached 21ms MaxRSS:39M
|  +- run test 4 pass (4 total) 17ms MaxRSS:5M
|  |  +- compile test Debug native cached 28ms MaxRSS:39M
|  +- run test 4 pass (4 total) 19ms MaxRSS:5M
|  |  +- compile test Debug native cached 25ms MaxRSS:39M
|  +- run test 1 pass (1 total) 13ms MaxRSS:6M
|  |  +- compile test Debug native success 1s MaxRSS:137M
|  |     +- options cached
|  +- run test 1 pass (1 total) 17ms MaxRSS:5M
|     +- compile test Debug native cached 23ms MaxRSS:39M
|        +- options (reused)
+- test-integration success
|  +- run test 7 pass (7 total) 339ms MaxRSS:5M
|  |  +- compile test Debug native cached 25ms MaxRSS:39M
|  +- run sh success 280ms
|     +- compile exe zbeam Debug native success 1s MaxRSS:137M
|        +- options (reused)
+- test-conformance success
|  +- run test 7 pass (7 total) 19ms MaxRSS:5M
|     +- compile test Debug native cached 24ms MaxRSS:39M
+- test-stress success
   +- run test 4 pass (4 total) 540ms MaxRSS:6M
      +- compile test Debug native cached 24ms MaxRSS:39M
test-allocators success
+- run test 6 pass (6 total) 543ms MaxRSS:5M
|  +- compile test Debug native cached 25ms MaxRSS:39M
|     +- options (reused)
+- run test (+1 more reused dependencies)
