PASS CLI streaming stdout and argument validation
test-all
+- test-integration
   +- run test w
[default] (warn): peer disconnected: InvalidDigest
[default] (warn): peer disconnected: PacketTooLarge
failed command: ./.zig-cache/o/e79036275ba955edac9b81539a1ae2f2/test --cache-dir=./.zig-cache --seed=0x533808ce --listen=-

Build Summary: 33/33 steps succeeded; 55/55 tests passed
test-all success
+- test-unit success
|  +- run test 1 pass (1 total) 25ms MaxRSS:6M
|  |  +- compile test Debug native cached 43ms MaxRSS:38M
|  +- run test 12 pass (12 total) 48ms MaxRSS:5M
|  |  +- compile test Debug native cached 32ms MaxRSS:38M
|  +- run test 6 pass (6 total) 30ms MaxRSS:6M
|  |  +- compile test Debug native cached 37ms MaxRSS:38M
|  +- run test 2 pass (2 total) 20ms MaxRSS:6M
|  |  +- compile test Debug native cached 37ms MaxRSS:38M
|  +- run test 4 pass (4 total) 35ms MaxRSS:5M
|  |  +- compile test Debug native cached 43ms MaxRSS:38M
|  +- run test 4 pass (4 total) 47ms MaxRSS:5M
|  |  +- compile test Debug native cached 44ms MaxRSS:38M
|  +- run test 1 pass (1 total) 22ms MaxRSS:5M
|  |  +- compile test Debug native cached 37ms MaxRSS:38M
|  |     +- options cached
|  +- run test 1 pass (1 total) 28ms MaxRSS:5M
|     +- compile test Debug native cached 42ms MaxRSS:38M
|        +- options (reused)
+- test-integration success
|  +- run test 7 pass (7 total) 305ms MaxRSS:5M
|  |  +- compile test Debug native success 2s MaxRSS:142M
|  +- run sh success 581ms
|     +- compile exe zbeam Debug native success 2s MaxRSS:136M
|        +- options (reused)
+- test-conformance success
|  +- run test 7 pass (7 total) 24ms MaxRSS:4M
|     +- compile test Debug native cached 42ms MaxRSS:38M
+- test-stress success
   +- run test 4 pass (4 total) 588ms MaxRSS:6M
      +- compile test Debug native success 2s MaxRSS:139M
test-allocators success
+- run test 6 pass (6 total) 683ms MaxRSS:5M
|  +- compile test Debug native cached 34ms MaxRSS:38M
|     +- options (reused)
+- run test (+1 more reused dependencies)
