test-all
+- test-integration
   +- run test w
[default] (warn): peer disconnected: InvalidDigest
[default] (warn): peer disconnected: PacketTooLarge
failed command: ./.zig-cache/o/d958570655bc609fea6f65b7638201e5/test --cache-dir=./.zig-cache --seed=0x3b2aae6a --listen=-

PASS CLI streaming stdout and argument validation
Build Summary: 33/33 steps succeeded; 52/52 tests passed
test-all success
+- test-unit success
|  +- run test 1 pass (1 total) 15ms MaxRSS:6M
|  |  +- compile test ReleaseSafe native cached 23ms MaxRSS:40M
|  +- run test 12 pass (12 total) 9ms MaxRSS:5M
|  |  +- compile test ReleaseSafe native cached 24ms MaxRSS:40M
|  +- run test 6 pass (6 total) 8ms MaxRSS:5M
|  |  +- compile test ReleaseSafe native cached 23ms MaxRSS:40M
|  +- run test 2 pass (2 total) 9ms MaxRSS:5M
|  |  +- compile test ReleaseSafe native cached 48ms MaxRSS:40M
|  +- run test 4 pass (4 total) 10ms MaxRSS:5M
|  |  +- compile test ReleaseSafe native cached 23ms MaxRSS:40M
|  +- run test 3 pass (3 total) 7ms MaxRSS:5M
|  |  +- compile test ReleaseSafe native cached 48ms MaxRSS:40M
|  +- run test 1 pass (1 total) 5ms MaxRSS:6M
|  |  +- compile test ReleaseSafe native success 34s MaxRSS:393M
|  |     +- options cached
|  +- run test 1 pass (1 total) 8ms MaxRSS:5M
|     +- compile test ReleaseSafe native cached 23ms MaxRSS:40M
|        +- options (reused)
+- test-integration success
|  +- run test 7 pass (7 total) 261ms MaxRSS:5M
|  |  +- compile test ReleaseSafe native cached 29ms MaxRSS:40M
|  +- run sh success 35ms
|     +- compile exe zbeam ReleaseSafe native cached 23ms MaxRSS:40M
|        +- options (reused)
+- test-conformance success
|  +- run test 7 pass (7 total) 7ms MaxRSS:5M
|     +- compile test ReleaseSafe native cached 22ms MaxRSS:40M
+- test-stress success
   +- run test 4 pass (4 total) 505ms MaxRSS:5M
      +- compile test ReleaseSafe native cached 19ms MaxRSS:40M
test-allocators success
+- run test 4 pass (4 total) 12ms MaxRSS:5M
|  +- compile test ReleaseSafe native cached 23ms MaxRSS:40M
|     +- options (reused)
+- run test (+1 more reused dependencies)
