test-all
+- test-integration
   +- run test w
[default] (warn): peer disconnected: InvalidDigest
[default] (warn): peer disconnected: PacketTooLarge
failed command: ./.zig-cache/o/5277836e1c48fa8a9d0df5b82d3b4f62/test --cache-dir=./.zig-cache --seed=0x3192450c --listen=-

PASS CLI streaming stdout and argument validation
Build Summary: 33/33 steps succeeded; 52/52 tests passed
test-all success
+- test-unit success
|  +- run test 1 pass (1 total) 17ms MaxRSS:5M
|  |  +- compile test Debug native cached 58ms MaxRSS:39M
|  +- run test 12 pass (12 total) 52ms MaxRSS:5M
|  |  +- compile test Debug native cached 31ms MaxRSS:39M
|  +- run test 6 pass (6 total) 22ms MaxRSS:5M
|  |  +- compile test Debug native cached 45ms MaxRSS:39M
|  +- run test 2 pass (2 total) 32ms MaxRSS:5M
|  |  +- compile test Debug native cached 24ms MaxRSS:39M
|  +- run test 4 pass (4 total) 33ms MaxRSS:5M
|  |  +- compile test Debug native cached 40ms MaxRSS:39M
|  +- run test 3 pass (3 total) 30ms MaxRSS:5M
|  |  +- compile test Debug native cached 32ms MaxRSS:39M
|  +- run test 1 pass (1 total) 14ms MaxRSS:6M
|  |  +- compile test Debug native success 1s MaxRSS:139M
|  |     +- options cached
|  +- run test 1 pass (1 total) 16ms MaxRSS:5M
|     +- compile test Debug native cached 24ms MaxRSS:39M
|        +- options (reused)
+- test-integration success
|  +- run test 7 pass (7 total) 390ms MaxRSS:5M
|  |  +- compile test Debug native cached 29ms MaxRSS:39M
|  +- run sh success 319ms
|     +- compile exe zbeam Debug native success 1s MaxRSS:138M
|        +- options (reused)
+- test-conformance success
|  +- run test 7 pass (7 total) 22ms MaxRSS:5M
|     +- compile test Debug native cached 22ms MaxRSS:39M
+- test-stress success
   +- run test 4 pass (4 total) 590ms MaxRSS:6M
      +- compile test Debug native cached 29ms MaxRSS:39M
test-allocators success
+- run test 4 pass (4 total) 35ms MaxRSS:5M
|  +- compile test Debug native success 1s MaxRSS:140M
|     +- options (reused)
+- run test (+1 more reused dependencies)
