test-all
+- test-integration
   +- run test w
[default] (warn): peer disconnected: InvalidDigest
[default] (warn): peer disconnected: PacketTooLarge
failed command: ./.zig-cache/o/5277836e1c48fa8a9d0df5b82d3b4f62/test --cache-dir=./.zig-cache --seed=0x4b3936dd --listen=-

PASS CLI streaming stdout and argument validation
Build Summary: 35/35 steps succeeded; 57/57 tests passed
test-all success
+- test-unit success
|  +- run test 1 pass (1 total) 14ms MaxRSS:5M
|  |  +- compile test Debug native cached 22ms MaxRSS:39M
|  +- run test 12 pass (12 total) 30ms MaxRSS:5M
|  |  +- compile test Debug native cached 46ms MaxRSS:39M
|  +- run test 6 pass (6 total) 23ms MaxRSS:5M
|  |  +- compile test Debug native cached 21ms MaxRSS:39M
|  +- run test 2 pass (2 total) 39ms MaxRSS:5M
|  |  +- compile test Debug native cached 45ms MaxRSS:39M
|  +- run test 4 pass (4 total) 25ms MaxRSS:4M
|  |  +- compile test Debug native cached 20ms MaxRSS:39M
|  +- run test 3 pass (3 total) 51ms MaxRSS:5M
|  |  +- compile test Debug native cached 31ms MaxRSS:39M
|  +- run test 1 pass (1 total) 26ms MaxRSS:6M
|  |  +- compile test Debug native success 1s MaxRSS:141M
|  |     +- options cached
|  +- run test 1 pass (1 total) 27ms MaxRSS:6M
|     +- compile test Debug native success 1s MaxRSS:140M
|        +- options (reused)
+- test-integration success
|  +- run test 7 pass (7 total) 599ms MaxRSS:5M
|  |  +- compile test Debug native cached 22ms MaxRSS:39M
|  +- run sh success 445ms
|     +- compile exe zbeam Debug native success 1s MaxRSS:141M
|        +- options (reused)
+- test-conformance success
|  +- run test 7 pass (7 total) 26ms MaxRSS:5M
|     +- compile test Debug native cached 45ms MaxRSS:39M
+- test-stress success
   +- run test 4 pass (4 total) 527ms MaxRSS:6M
      +- compile test Debug native success 1s MaxRSS:138M
test-allocators success
+- run test 5 pass (5 total) 477ms MaxRSS:7M
|  +- compile test Debug native success 1s MaxRSS:142M
|     +- options (reused)
+- run test (+1 more reused dependencies)
+- run test 4 pass (4 total) 46ms MaxRSS:7M
   +- compile test Debug native success 1s MaxRSS:142M
      +- options (reused)
