PASS CLI streaming stdout and argument validation
test-all
+- test-integration
   +- run test w
[default] (warn): peer disconnected: InvalidDigest
[default] (warn): peer disconnected: PacketTooLarge
[default] (warn): peer disconnected: Timeout
failed command: ./.zig-cache/o/74c768ba315d5aced2f8ab2ec7c2867f/test --cache-dir=./.zig-cache --seed=0xb2846532 --listen=-

Build Summary: 27/27 steps succeeded; 53/53 tests passed
test-all success
+- test-unit success
|  +- run test 1 pass (1 total) 6ms MaxRSS:5M
|  |  +- compile test ReleaseSafe native success 36s MaxRSS:391M
|  +- run test 12 pass (12 total) 8ms MaxRSS:5M
|  |  +- compile test ReleaseSafe native cached 19ms MaxRSS:40M
|  +- run test 6 pass (6 total) 10ms MaxRSS:5M
|  |  +- compile test ReleaseSafe native cached 33ms MaxRSS:40M
|  +- run test 4 pass (4 total) 22ms MaxRSS:5M
|  |  +- compile test ReleaseSafe native success 38s MaxRSS:401M
|  +- run test 4 pass (4 total) 8ms MaxRSS:5M
|  |  +- compile test ReleaseSafe native cached 22ms MaxRSS:40M
|  +- run test 3 pass (3 total) 10ms MaxRSS:5M
|  |  +- compile test ReleaseSafe native success 40s MaxRSS:414M
|  +- run test 2 pass (2 total) 37ms MaxRSS:5M
|     +- compile test ReleaseSafe native success 47s MaxRSS:420M
+- test-integration success
|  +- run test 9 pass (9 total) 1s MaxRSS:4M
|  |  +- compile test ReleaseSafe native success 51s MaxRSS:415M
|  +- run sh success 39ms
|     +- compile exe zbeam ReleaseSafe native success 50s MaxRSS:412M
+- test-conformance success
|  +- run test 7 pass (7 total) 11ms MaxRSS:5M
|     +- compile test ReleaseSafe native cached 24ms MaxRSS:40M
+- test-stress success
   +- run test 5 pass (5 total) 1s MaxRSS:20M
      +- compile test ReleaseSafe native success 47s MaxRSS:398M
