PASS CLI streaming stdout and argument validation
test-all
+- test-integration
   +- run test w
[default] (warn): peer disconnected: InvalidDigest
[default] (warn): peer disconnected: PacketTooLarge
[default] (warn): peer disconnected: Timeout
failed command: ./.zig-cache/o/f28b29fb0f10b8c96c37031134c065ee/test --cache-dir=./.zig-cache --seed=0x2f5b5647 --listen=-

Build Summary: 27/27 steps succeeded; 54/54 tests passed
test-all success
+- test-unit success
|  +- run test 1 pass (1 total) 14ms MaxRSS:5M
|  |  +- compile test Debug native success 1s MaxRSS:138M
|  +- run test 12 pass (12 total) 22ms MaxRSS:5M
|  |  +- compile test Debug native cached 23ms MaxRSS:39M
|  +- run test 6 pass (6 total) 20ms MaxRSS:5M
|  |  +- compile test Debug native cached 27ms MaxRSS:39M
|  +- run test 4 pass (4 total) 33ms MaxRSS:5M
|  |  +- compile test Debug native cached 23ms MaxRSS:39M
|  +- run test 4 pass (4 total) 25ms MaxRSS:5M
|  |  +- compile test Debug native cached 23ms MaxRSS:39M
|  +- run test 4 pass (4 total) 22ms MaxRSS:5M
|  |  +- compile test Debug native success 1s MaxRSS:142M
|  +- run test 2 pass (2 total) 44ms MaxRSS:5M
|     +- compile test Debug native success 1s MaxRSS:140M
+- test-integration success
|  +- run test 9 pass (9 total) 1s MaxRSS:6M
|  |  +- compile test Debug native success 1s MaxRSS:143M
|  +- run sh success 526ms
|     +- compile exe zbeam Debug native success 1s MaxRSS:139M
+- test-conformance success
|  +- run test 7 pass (7 total) 33ms MaxRSS:4M
|     +- compile test Debug native cached 29ms MaxRSS:39M
+- test-stress success
   +- run test 5 pass (5 total) 1s MaxRSS:22M
      +- compile test Debug native success 1s MaxRSS:140M
